main.c:75:6:displayDigit	16	static
main.c:87:6:update7SEG	16	static
main.c:121:6:updateClockBuffer	4	static
main.c:139:6:digitalClock	4	static
main.c:166:6:displayLEDMatrix	16	static
main.c:176:6:updateLEDMatrix	16	static
main.c:220:6:updateClockMatrixBuffer	16	static
main.c:233:5:main	8	static
main.c:314:6:SystemClock_Config	72	static
main.c:350:13:MX_TIM2_Init	32	static
main.c:395:13:MX_GPIO_Init	32	static
main.c:445:6:HAL_TIM_PeriodElapsedCallback	16	static
main.c:455:6:Error_Handler	4	static,ignoring_inline_asm
